[08/02/26 23:04:01] info     ================= cer started =================
[08/02/26 23:04:01] info     C:\Program Files\Autodesk\AutoCAD 2027\cer.dll, 7.2.4+20251128.8f05bb68.927
[08/02/26 23:04:01] info     Setting key SP/SDK_VERSION, value 7.2.4+20251128.8f05bb68.927 (maxCount 1)
[08/02/26 23:04:01] info     Setting key SP/PRODUCT_NAME_HASH, value 9d6767a77b9d2cce90e03082e1302957689eeac5 (maxCount 1)
[08/02/26 23:04:01] info     Setting key SP/RUNTIME_ARCH, value 1 (maxCount 1)
[08/02/26 23:04:01] info     Set senddmp exe path to C:\Program Files\Autodesk\AutoCAD 2027\CER\senddmp.exe
[08/02/26 23:04:01] info     The cer_service exe C:\Program Files\Autodesk\AutoCAD 2027\CER\service\cer_service.exe is not in folder C:\Program Files\Autodesk\AutoCAD 2027\CER\, it's not a sandbox
[08/02/26 23:04:01] info     Set upi exe path to C:\Program Files\Autodesk\AutoCAD 2027\CER\upi.exe
[08/02/26 23:04:01] info     launching C:\Program Files\Autodesk\AutoCAD 2027\CER\upi.exe --cmd=get-device-id C:\Users\aibai\AppData\Local\Temp\EMXCoreConsole\d42fb116e583425e89634349b894023f\Temp\upi_deviceid2
[08/02/26 23:04:02] info     Set deviceID2 to FD2E0C09679807BE4E1BBE3D15FA381F660A7F94624C49EB187E3068131D31FA&75A948B57986E6FB42905BF286B44270E830D0DD3580D147BFA90E61B6D45510&CBD7341D1E340D6AE31787DB0BADEA09DEB61BF1B61FAACEE14AC4E179CDD83E
[08/02/26 23:04:02] info     Setting key SP/DEVICEID2, value FD2E0C09679807BE4E1BBE3D15FA381F660A7F94624C49EB187E3068131D31FA&75A948B57986E6FB42905BF286B44270E830D0DD3580D147BFA90E61B6D45510&CBD7341D1E340D6AE31787DB0BADEA09DEB61BF1B61FAACEE14AC4E179CDD83E (maxCount 1)
[08/02/26 23:04:02] info     Setting key SP/UUID, value 9d6767a77b9d2cce90e03082e1302957689eeac5FD2E0C09679807BE4E1BBE3D15FA381F660A7F94624C49EB187E3068131D31FA&75A948B57986E6FB42905BF286B44270E830D0DD3580D147BFA90E61B6D45510&CBD7341D1E340D6AE31787DB0BADEA09DEB61BF1B61FAACEE14AC4E179CDD83E (maxCount 1)
[08/02/26 23:04:02] info     Set senddmp exe path to C:\Program Files\Autodesk\AutoCAD 2027\CER\senddmp.exe
[08/02/26 23:04:02] info     The cer_service exe C:\Program Files\Autodesk\AutoCAD 2027\CER\service\cer_service.exe is not in folder C:\Program Files\Autodesk\AutoCAD 2027\CER\, it's not a sandbox
[08/02/26 23:04:02] info     launching C:\Program Files\Autodesk\AutoCAD 2027\CER\upi.exe "C:\Program Files\Autodesk\AutoCAD 2027\Acade\en-US\UPI\upiconfig.xml" C:\Users\aibai\AppData\Local\Temp\EMXCoreConsole\d42fb116e583425e89634349b894023f\Temp\upi_info.xml
[08/02/26 23:04:02] info     Setting key SP/UPI_PRODUCT, value ACAD_E (maxCount 1)
[08/02/26 23:04:02] info     Setting key SP/UPI_RELEASE, value 2027 (maxCount 1)
[08/02/26 23:04:02] info     Setting key SP/UPI_MASTER, value {28B89EEF-A107-0409-2102-CF3F3A09B77D} (maxCount 1)
[08/02/26 23:04:02] info     Setting key SP/UPI_BUILD, value 24.0.60.0.0 (maxCount 1)
[08/02/26 23:04:02] info     Setting key SP/UPI_FULL_XML, value <?xml version="1.0"?><upipackage><upivalue version="1.0" type="product" requestingapp="true"><level name="productline" id="ACAD_E"><level name="release" id="2027"><level name="master" id="{28B89EEF-A107-0409-2102-CF3F3A09B77D}"><level name="build" id="24.0.60.0.0"/></level></level></level></upivalue>
<upivalue version="1.0" type="product"><level name="productline" id="ACAD_E"><level name="release" id="2027"><level name="master" id="{28B89EEF-A107-0409-1102-CF3F3A09B77D}"><level name="build" id="24.0.55.0.0"/></level></level></level></upivalue>
<upivalue version="1.0" type="product"><level name="productline" id="ARCHDESK"><level name="release" id="2027"><level name="master" id="{28B89EEE-A104-0000-5102-CF3F3A09B77D}"><level name="build" id="8.9.46.0"/></level></level></level></upivalue>
<upivalue version="1.0" type="product"><level name="productline" id="ACD"><level name="release" id="2027"><level name="master" id="{28B89EEF-A101-0000-0102-CF3F3A09B77D}"><level name="build" id="26.0.60.0.0"/></level></level></level></upivalue>
<upivalue version="1.0" type="product"><level name="productline" id="ACD"><level name="release" id="2027"><level name="master" id="{28B89EEF-A101-0409-1102-CF3F3A09B77D}"><level name="build" id="26.0.60.0.0"/></level></level></level></upivalue>
<upivalue version="1.0" type="product"><level name="productline" id="ACAD_E"><level name="release" id="2027"><level name="master" id="{28B89EEF-A107-0000-0102-CF3F3A09B77D}"><level name="build" id="24.0.60.0.0"/></level></level></level></upivalue>
<upi_error>Error loading C:\Program Files\Autodesk\Content Migration Utility for AutoCAD Electrical\en-US\UPI\upiconfig.xml</upi_error><upi_error>Error loading C:\Program Files\Autodesk\Content Migration Utility for AutoCAD Electrical\UPI\upiconfig.xml</upi_error></upipackage> (maxCount 1)
[08/02/26 23:04:02] info     set legacy options: /APPXML "<AppInformation name=\"Autodesk AutoCAD Electrical\" version=\"24.0.60.0\" />"
[08/02/26 23:04:02] info     Setting key RP/AppXML, value <AppInformation name="Autodesk AutoCAD Electrical" version="24.0.60.0" /> (maxCount 100)
[08/02/26 23:04:02] info     Setting key RP/CadSettingsRegPath, value Software\Autodesk\AutoCAD\R26.0\ACAD-A107:409\CadManagerControl\CustomerErrorReport (maxCount 1)
[08/02/26 23:04:02] info     Setting key RP/AppLocaleId, value 1033 (maxCount 1)
[08/02/26 23:04:02] info     Setting key RP/AppXML, value <ProductInformation name ="AutoCAD" build_version="X.60.0.0(x64)" registry_version="26.0" install_id_string="ACE_EMX_d42fb116e583425e89634349b894023f" registry_localeID="1033" git_commit_id="90c984aa66a571142ee0757584bac517eec2175a" /> (maxCount 100)
[08/02/26 23:04:02] info     Setting key SP/THEME_TYPE, value Blue (maxCount 1)
[08/02/26 23:04:02] info     Setting key SP/EXCEPTION_INFO_POINTER, value 140704509756696 (maxCount 1)
[08/02/26 23:04:02] info     Setting key SP/THREAD_ID, value 4294967295 (maxCount 1)
[08/02/26 23:04:02] info     Get key SP/THREAD_ID, index 0: "4294967295"
[08/02/26 23:04:02] info     Setting key SP/WER, value 0 (maxCount 1)
[08/02/26 23:04:02] info     Get key SP/WER, index 0: "0"
[08/02/26 23:04:02] info     Registered C:\Program Files\Autodesk\AutoCAD 2027\cer.dll as WER runtime exception module
[08/02/26 23:04:02] info     Current ErrorMode is 32769
[08/02/26 23:04:02] debug    Receiver ping: pong
[08/03/26 17:42:14] info     ================= cer started =================
[08/03/26 17:42:14] info     C:\Program Files\Autodesk\AutoCAD 2027\cer.dll, 7.2.4+20251128.8f05bb68.927
[08/03/26 17:42:14] info     Setting key SP/SDK_VERSION, value 7.2.4+20251128.8f05bb68.927 (maxCount 1)
[08/03/26 17:42:14] info     Setting key SP/PRODUCT_NAME_HASH, value 9d6767a77b9d2cce90e03082e1302957689eeac5 (maxCount 1)
[08/03/26 17:42:14] info     Setting key SP/RUNTIME_ARCH, value 1 (maxCount 1)
[08/03/26 17:42:14] info     Set senddmp exe path to C:\Program Files\Autodesk\AutoCAD 2027\CER\senddmp.exe
[08/03/26 17:42:14] info     The cer_service exe C:\Program Files\Autodesk\AutoCAD 2027\CER\service\cer_service.exe is not in folder C:\Program Files\Autodesk\AutoCAD 2027\CER\, it's not a sandbox
[08/03/26 17:42:14] info     Set upi exe path to C:\Program Files\Autodesk\AutoCAD 2027\CER\upi.exe
[08/03/26 17:42:14] info     launching C:\Program Files\Autodesk\AutoCAD 2027\CER\upi.exe --cmd=get-device-id C:\Users\aibai\AppData\Local\Temp\EMXCoreConsole\091811748a1b4467be5166c6cc8fe677\Temp\upi_deviceid2
[08/03/26 17:42:14] info     Set deviceID2 to FD2E0C09679807BE4E1BBE3D15FA381F660A7F94624C49EB187E3068131D31FA&75A948B57986E6FB42905BF286B44270E830D0DD3580D147BFA90E61B6D45510&CBD7341D1E340D6AE31787DB0BADEA09DEB61BF1B61FAACEE14AC4E179CDD83E
[08/03/26 17:42:14] info     Setting key SP/DEVICEID2, value FD2E0C09679807BE4E1BBE3D15FA381F660A7F94624C49EB187E3068131D31FA&75A948B57986E6FB42905BF286B44270E830D0DD3580D147BFA90E61B6D45510&CBD7341D1E340D6AE31787DB0BADEA09DEB61BF1B61FAACEE14AC4E179CDD83E (maxCount 1)
[08/03/26 17:42:14] info     Setting key SP/UUID, value 9d6767a77b9d2cce90e03082e1302957689eeac5FD2E0C09679807BE4E1BBE3D15FA381F660A7F94624C49EB187E3068131D31FA&75A948B57986E6FB42905BF286B44270E830D0DD3580D147BFA90E61B6D45510&CBD7341D1E340D6AE31787DB0BADEA09DEB61BF1B61FAACEE14AC4E179CDD83E (maxCount 1)
[08/03/26 17:42:14] info     Set senddmp exe path to C:\Program Files\Autodesk\AutoCAD 2027\CER\senddmp.exe
[08/03/26 17:42:14] info     The cer_service exe C:\Program Files\Autodesk\AutoCAD 2027\CER\service\cer_service.exe is not in folder C:\Program Files\Autodesk\AutoCAD 2027\CER\, it's not a sandbox
[08/03/26 17:42:14] info     launching C:\Program Files\Autodesk\AutoCAD 2027\CER\upi.exe "C:\Program Files\Autodesk\AutoCAD 2027\Acade\en-US\UPI\upiconfig.xml" C:\Users\aibai\AppData\Local\Temp\EMXCoreConsole\091811748a1b4467be5166c6cc8fe677\Temp\upi_info.xml
[08/03/26 17:42:14] info     Setting key SP/UPI_PRODUCT, value ACAD_E (maxCount 1)
[08/03/26 17:42:14] info     Setting key SP/UPI_RELEASE, value 2027 (maxCount 1)
[08/03/26 17:42:14] info     Setting key SP/UPI_MASTER, value {28B89EEF-A107-0409-2102-CF3F3A09B77D} (maxCount 1)
[08/03/26 17:42:14] info     Setting key SP/UPI_BUILD, value 24.0.60.0.0 (maxCount 1)
[08/03/26 17:42:14] info     Setting key SP/UPI_FULL_XML, value <?xml version="1.0"?><upipackage><upivalue version="1.0" type="product" requestingapp="true"><level name="productline" id="ACAD_E"><level name="release" id="2027"><level name="master" id="{28B89EEF-A107-0409-2102-CF3F3A09B77D}"><level name="build" id="24.0.60.0.0"/></level></level></level></upivalue>
<upivalue version="1.0" type="product"><level name="productline" id="ACAD_E"><level name="release" id="2027"><level name="master" id="{28B89EEF-A107-0409-1102-CF3F3A09B77D}"><level name="build" id="24.0.55.0.0"/></level></level></level></upivalue>
<upivalue version="1.0" type="product"><level name="productline" id="ARCHDESK"><level name="release" id="2027"><level name="master" id="{28B89EEE-A104-0000-5102-CF3F3A09B77D}"><level name="build" id="8.9.46.0"/></level></level></level></upivalue>
<upivalue version="1.0" type="product"><level name="productline" id="ACD"><level name="release" id="2027"><level name="master" id="{28B89EEF-A101-0000-0102-CF3F3A09B77D}"><level name="build" id="26.0.60.0.0"/></level></level></level></upivalue>
<upivalue version="1.0" type="product"><level name="productline" id="ACD"><level name="release" id="2027"><level name="master" id="{28B89EEF-A101-0409-1102-CF3F3A09B77D}"><level name="build" id="26.0.60.0.0"/></level></level></level></upivalue>
<upivalue version="1.0" type="product"><level name="productline" id="ACAD_E"><level name="release" id="2027"><level name="master" id="{28B89EEF-A107-0000-0102-CF3F3A09B77D}"><level name="build" id="24.0.60.0.0"/></level></level></level></upivalue>
<upi_error>Error loading C:\Program Files\Autodesk\Content Migration Utility for AutoCAD Electrical\en-US\UPI\upiconfig.xml</upi_error><upi_error>Error loading C:\Program Files\Autodesk\Content Migration Utility for AutoCAD Electrical\UPI\upiconfig.xml</upi_error></upipackage> (maxCount 1)
[08/03/26 17:42:14] info     set legacy options: /APPXML "<AppInformation name=\"Autodesk AutoCAD Electrical\" version=\"24.0.60.0\" />"
[08/03/26 17:42:14] info     Setting key RP/AppXML, value <AppInformation name="Autodesk AutoCAD Electrical" version="24.0.60.0" /> (maxCount 100)
[08/03/26 17:42:14] info     Setting key RP/CadSettingsRegPath, value Software\Autodesk\AutoCAD\R26.0\ACAD-A107:409\CadManagerControl\CustomerErrorReport (maxCount 1)
[08/03/26 17:42:14] info     Setting key RP/AppLocaleId, value 1033 (maxCount 1)
[08/03/26 17:42:14] info     Setting key RP/AppXML, value <ProductInformation name ="AutoCAD" build_version="X.60.0.0(x64)" registry_version="26.0" install_id_string="ACE_EMX_091811748a1b4467be5166c6cc8fe677" registry_localeID="1033" git_commit_id="90c984aa66a571142ee0757584bac517eec2175a" /> (maxCount 100)
[08/03/26 17:42:14] info     Setting key SP/THEME_TYPE, value Blue (maxCount 1)
[08/03/26 17:42:14] info     Setting key SP/EXCEPTION_INFO_POINTER, value 140716721603864 (maxCount 1)
[08/03/26 17:42:14] info     Setting key SP/THREAD_ID, value 4294967295 (maxCount 1)
[08/03/26 17:42:14] info     Get key SP/THREAD_ID, index 0: "4294967295"
[08/03/26 17:42:14] info     Setting key SP/WER, value 0 (maxCount 1)
[08/03/26 17:42:14] info     Get key SP/WER, index 0: "0"
[08/03/26 17:42:14] info     Registered C:\Program Files\Autodesk\AutoCAD 2027\cer.dll as WER runtime exception module
[08/03/26 17:42:14] info     Current ErrorMode is 32769
[08/03/26 17:42:14] debug    Receiver ping: pong
[08/04/26 17:02:03] info     ================= cer started =================
[08/04/26 17:02:03] info     C:\Program Files\Autodesk\AutoCAD 2027\cer.dll, 7.2.4+20251128.8f05bb68.927
[08/04/26 17:02:03] info     Setting key SP/SDK_VERSION, value 7.2.4+20251128.8f05bb68.927 (maxCount 1)
[08/04/26 17:02:03] info     Setting key SP/PRODUCT_NAME_HASH, value 9d6767a77b9d2cce90e03082e1302957689eeac5 (maxCount 1)
[08/04/26 17:02:03] info     Setting key SP/RUNTIME_ARCH, value 1 (maxCount 1)
[08/04/26 17:02:03] info     Set senddmp exe path to C:\Program Files\Autodesk\AutoCAD 2027\CER\senddmp.exe
[08/04/26 17:02:03] info     The cer_service exe C:\Program Files\Autodesk\AutoCAD 2027\CER\service\cer_service.exe is not in folder C:\Program Files\Autodesk\AutoCAD 2027\CER\, it's not a sandbox
[08/04/26 17:02:03] info     Set upi exe path to C:\Program Files\Autodesk\AutoCAD 2027\CER\upi.exe
[08/04/26 17:02:03] info     launching C:\Program Files\Autodesk\AutoCAD 2027\CER\upi.exe --cmd=get-device-id C:\Users\aibai\AppData\Local\Temp\EMXCoreConsole\b0066477c8244fd2854804f011d8cf07\Temp\upi_deviceid2
[08/04/26 17:02:04] info     Set deviceID2 to FD2E0C09679807BE4E1BBE3D15FA381F660A7F94624C49EB187E3068131D31FA&75A948B57986E6FB42905BF286B44270E830D0DD3580D147BFA90E61B6D45510&CBD7341D1E340D6AE31787DB0BADEA09DEB61BF1B61FAACEE14AC4E179CDD83E
[08/04/26 17:02:04] info     Setting key SP/DEVICEID2, value FD2E0C09679807BE4E1BBE3D15FA381F660A7F94624C49EB187E3068131D31FA&75A948B57986E6FB42905BF286B44270E830D0DD3580D147BFA90E61B6D45510&CBD7341D1E340D6AE31787DB0BADEA09DEB61BF1B61FAACEE14AC4E179CDD83E (maxCount 1)
[08/04/26 17:02:04] info     Setting key SP/UUID, value 9d6767a77b9d2cce90e03082e1302957689eeac5FD2E0C09679807BE4E1BBE3D15FA381F660A7F94624C49EB187E3068131D31FA&75A948B57986E6FB42905BF286B44270E830D0DD3580D147BFA90E61B6D45510&CBD7341D1E340D6AE31787DB0BADEA09DEB61BF1B61FAACEE14AC4E179CDD83E (maxCount 1)
[08/04/26 17:02:04] info     Set senddmp exe path to C:\Program Files\Autodesk\AutoCAD 2027\CER\senddmp.exe
[08/04/26 17:02:04] info     The cer_service exe C:\Program Files\Autodesk\AutoCAD 2027\CER\service\cer_service.exe is not in folder C:\Program Files\Autodesk\AutoCAD 2027\CER\, it's not a sandbox
[08/04/26 17:02:04] info     launching C:\Program Files\Autodesk\AutoCAD 2027\CER\upi.exe "C:\Program Files\Autodesk\AutoCAD 2027\Acade\en-US\UPI\upiconfig.xml" C:\Users\aibai\AppData\Local\Temp\EMXCoreConsole\b0066477c8244fd2854804f011d8cf07\Temp\upi_info.xml
[08/04/26 17:02:04] info     Setting key SP/UPI_PRODUCT, value ACAD_E (maxCount 1)
[08/04/26 17:02:04] info     Setting key SP/UPI_RELEASE, value 2027 (maxCount 1)
[08/04/26 17:02:04] info     Setting key SP/UPI_MASTER, value {28B89EEF-A107-0409-2102-CF3F3A09B77D} (maxCount 1)
[08/04/26 17:02:04] info     Setting key SP/UPI_BUILD, value 24.0.60.0.0 (maxCount 1)
[08/04/26 17:02:04] info     Setting key SP/UPI_FULL_XML, value <?xml version="1.0"?><upipackage><upivalue version="1.0" type="product" requestingapp="true"><level name="productline" id="ACAD_E"><level name="release" id="2027"><level name="master" id="{28B89EEF-A107-0409-2102-CF3F3A09B77D}"><level name="build" id="24.0.60.0.0"/></level></level></level></upivalue>
<upivalue version="1.0" type="product"><level name="productline" id="ACAD_E"><level name="release" id="2027"><level name="master" id="{28B89EEF-A107-0409-1102-CF3F3A09B77D}"><level name="build" id="24.0.55.0.0"/></level></level></level></upivalue>
<upivalue version="1.0" type="product"><level name="productline" id="ARCHDESK"><level name="release" id="2027"><level name="master" id="{28B89EEE-A104-0000-5102-CF3F3A09B77D}"><level name="build" id="8.9.46.0"/></level></level></level></upivalue>
<upivalue version="1.0" type="product"><level name="productline" id="ACD"><level name="release" id="2027"><level name="master" id="{28B89EEF-A101-0000-0102-CF3F3A09B77D}"><level name="build" id="26.0.60.0.0"/></level></level></level></upivalue>
<upivalue version="1.0" type="product"><level name="productline" id="ACD"><level name="release" id="2027"><level name="master" id="{28B89EEF-A101-0409-1102-CF3F3A09B77D}"><level name="build" id="26.0.60.0.0"/></level></level></level></upivalue>
<upivalue version="1.0" type="product"><level name="productline" id="ACAD_E"><level name="release" id="2027"><level name="master" id="{28B89EEF-A107-0000-0102-CF3F3A09B77D}"><level name="build" id="24.0.60.0.0"/></level></level></level></upivalue>
<upi_error>Error loading C:\Program Files\Autodesk\Content Migration Utility for AutoCAD Electrical\en-US\UPI\upiconfig.xml</upi_error><upi_error>Error loading C:\Program Files\Autodesk\Content Migration Utility for AutoCAD Electrical\UPI\upiconfig.xml</upi_error></upipackage> (maxCount 1)
[08/04/26 17:02:04] info     set legacy options: /APPXML "<AppInformation name=\"Autodesk AutoCAD Electrical\" version=\"24.0.60.0\" />"
[08/04/26 17:02:04] info     Setting key RP/AppXML, value <AppInformation name="Autodesk AutoCAD Electrical" version="24.0.60.0" /> (maxCount 100)
[08/04/26 17:02:04] info     Setting key RP/CadSettingsRegPath, value Software\Autodesk\AutoCAD\R26.0\ACAD-A107:409\CadManagerControl\CustomerErrorReport (maxCount 1)
[08/04/26 17:02:04] info     Setting key RP/AppLocaleId, value 1033 (maxCount 1)
[08/04/26 17:02:04] info     Setting key RP/AppXML, value <ProductInformation name ="AutoCAD" build_version="X.60.0.0(x64)" registry_version="26.0" install_id_string="ACE_EMX_b0066477c8244fd2854804f011d8cf07" registry_localeID="1033" git_commit_id="90c984aa66a571142ee0757584bac517eec2175a" /> (maxCount 100)
[08/04/26 17:02:04] info     Setting key SP/THEME_TYPE, value Blue (maxCount 1)
[08/04/26 17:02:04] info     Setting key SP/EXCEPTION_INFO_POINTER, value 140716193318168 (maxCount 1)
[08/04/26 17:02:04] info     Setting key SP/THREAD_ID, value 4294967295 (maxCount 1)
[08/04/26 17:02:04] info     Get key SP/THREAD_ID, index 0: "4294967295"
[08/04/26 17:02:04] info     Setting key SP/WER, value 0 (maxCount 1)
[08/04/26 17:02:04] info     Get key SP/WER, index 0: "0"
[08/04/26 17:02:04] info     Registered C:\Program Files\Autodesk\AutoCAD 2027\cer.dll as WER runtime exception module
[08/04/26 17:02:04] info     Current ErrorMode is 32769
[08/04/26 17:02:04] debug    Receiver ping: pong
